// Jest Snapshot v1, https://goo.gl/fbAQLP

exports[`Given onFilter function display filter input box 1`] = `
<div
  className="filters"
>
  <input
    className="form-control"
    onChange={[Function]}
    placeholder="Name"
  />
</div>
`;
