// Jest Snapshot v1, https://goo.gl/fbAQLP

exports[`Given valid array of selected dish objects displays list of selected dishes 1`] = `
<div
  className="col-8"
>
  <h2>
    Menu preview
  </h2>
  <ul
    className="menu-preview"
  >
    <li
      className="item"
    >
      <h2>
        dish one
      </h2>
      <p>
        <span
          className="dietary"
        >
          v
        </span>
        <span
          className="dietary"
        >
          ve
        </span>
        <span
          className="dietary"
        >
          df
        </span>
      </p>
      <button
        className="remove-item"
        onClick={[Function]}
      >
        x
      </button>
    </li>
    <li
      className="item"
    >
      <h2>
        dish two
      </h2>
      <p>
        <span
          className="dietary"
        >
          rsf
        </span>
        <span
          className="dietary"
        >
          n!
        </span>
      </p>
      <button
        className="remove-item"
        onClick={[Function]}
      >
        x
      </button>
    </li>
  </ul>
</div>
`;
